[2026-08-07 14:51:18,895: INFO: main: Welcome to our custom log]
[2026-08-07 14:52:51,593: INFO: main: Welcome to our custom log]
[2026-08-08 13:56:15,330: INFO: common: yaml file: config\config.yaml loaded successfully]
[2026-08-08 13:56:15,336: INFO: common: yaml file: params.yaml loaded successfully]
[2026-08-08 13:56:15,341: INFO: common: created directory at: artifacts]
[2026-08-08 13:56:15,347: INFO: common: created directory at: artifacts/data_ingestion]
[2026-08-08 13:56:15,351: INFO: 1942423851: Downloading file from :https://drive.google.com/file/d/1vlhZ5c7abUKF8xXERIw6m9Te8fW7ohw3/view?usp=drive_link into : artifacts/data_ingestion/data.zip]
[2026-08-08 13:56:39,752: INFO: common: yaml file: config\config.yaml loaded successfully]
[2026-08-08 13:56:39,757: INFO: common: yaml file: params.yaml loaded successfully]
[2026-08-08 13:56:39,763: INFO: common: created directory at: artifacts]
[2026-08-08 13:56:39,767: INFO: common: created directory at: artifacts/data_ingestion]
[2026-08-08 13:56:39,773: INFO: 1945869233: Downloading file from :https://drive.google.com/file/d/1vlhZ5c7abUKF8xXERIw6m9Te8fW7ohw3/view?usp=drive_link into : artifacts/data_ingestion/data.zip]
[2026-08-08 14:01:27,507: INFO: common: yaml file: config\config.yaml loaded successfully]
[2026-08-08 14:01:27,515: INFO: common: yaml file: params.yaml loaded successfully]
[2026-08-08 14:01:27,520: INFO: common: created directory at: artifacts]
[2026-08-08 14:01:27,525: INFO: common: created directory at: artifacts/data_ingestion]
[2026-08-08 14:01:27,530: INFO: 1945869233: Downloading file from :https://drive.google.com/file/d/1vlhZ5c7abUKF8xXERIw6m9Te8fW7ohw3/view?usp=sharing into : artifacts/data_ingestion/data.zip]
[2026-08-08 14:01:48,575: INFO: common: yaml file: config\config.yaml loaded successfully]
[2026-08-08 14:01:48,585: INFO: common: yaml file: params.yaml loaded successfully]
[2026-08-08 14:01:48,592: INFO: common: created directory at: artifacts]
[2026-08-08 14:01:48,597: INFO: common: created directory at: artifacts/data_ingestion]
[2026-08-08 14:01:48,601: INFO: 1945869233: Downloading file from :https://drive.google.com/file/d/1vlhZ5c7abUKF8xXERIw6m9Te8fW7ohw3/view?usp=sharing into : artifacts/data_ingestion/data.zip]
[2026-08-08 17:31:25,062: INFO: common: yaml file: config\config.yaml loaded successfully]
[2026-08-08 17:31:25,080: INFO: common: yaml file: params.yaml loaded successfully]
[2026-08-08 17:31:25,085: INFO: common: created directory at: artifacts]
[2026-08-08 17:31:25,090: INFO: common: created directory at: artifacts/data_ingestion]
[2026-08-08 17:31:25,095: INFO: 1945869233: Downloading file from :https://drive.google.com/file/d/1vlhZ5c7abUKF8xXERIw6m9Te8fW7ohw3/view?usp=sharing into : artifacts/data_ingestion/data.zip]
[2026-08-08 17:34:59,274: INFO: common: yaml file: config\config.yaml loaded successfully]
[2026-08-08 17:34:59,279: INFO: common: yaml file: params.yaml loaded successfully]
[2026-08-08 17:34:59,284: INFO: common: created directory at: artifacts]
[2026-08-08 17:34:59,289: INFO: common: created directory at: artifacts/data_ingestion]
[2026-08-08 17:34:59,294: INFO: 1945869233: Downloading file from :https://drive.google.com/file/d/1vlhZ5c7abUKF8xXERIw6m9Te8fW7ohw3/view?usp=sharing into : artifacts/data_ingestion/data.zip]
[2026-08-08 17:36:32,511: INFO: common: yaml file: config\config.yaml loaded successfully]
[2026-08-08 17:36:32,516: INFO: common: yaml file: params.yaml loaded successfully]
[2026-08-08 17:36:32,520: INFO: common: created directory at: artifacts]
[2026-08-08 17:36:32,525: INFO: common: created directory at: artifacts/data_ingestion]
[2026-08-08 17:36:32,528: INFO: 1945869233: Downloading file from :https://drive.google.com/file/d/1vlhZ5c7abUKF8xXERIw6m9Te8fW7ohw3/view?usp=sharing into : artifacts/data_ingestion/data.zip]
[2026-08-08 17:36:48,149: INFO: common: yaml file: config\config.yaml loaded successfully]
[2026-08-08 17:36:48,156: INFO: common: yaml file: params.yaml loaded successfully]
[2026-08-08 17:36:48,160: INFO: common: created directory at: artifacts]
[2026-08-08 17:36:48,165: INFO: common: created directory at: artifacts/data_ingestion]
[2026-08-08 17:36:48,169: INFO: 1945869233: Downloading file from :https://drive.google.com/file/d/1vlhZ5c7abUKF8xXERIw6m9Te8fW7ohw3/view?usp=sharing into : artifacts/data_ingestion/data.zip]
[2026-08-08 17:37:07,949: INFO: common: yaml file: config\config.yaml loaded successfully]
[2026-08-08 17:37:07,954: INFO: common: yaml file: params.yaml loaded successfully]
[2026-08-08 17:37:07,958: INFO: common: created directory at: artifacts]
[2026-08-08 17:37:07,963: INFO: common: created directory at: artifacts/data_ingestion]
[2026-08-08 17:37:07,966: INFO: 1945869233: Downloading file from :https://drive.google.com/file/d/1vlhZ5c7abUKF8xXERIw6m9Te8fW7ohw3/view?usp=sharing into : artifacts/data_ingestion/data.zip]
[2026-08-08 17:37:31,703: INFO: common: yaml file: config\config.yaml loaded successfully]
[2026-08-08 17:37:31,709: INFO: common: yaml file: params.yaml loaded successfully]
[2026-08-08 17:37:31,714: INFO: common: created directory at: artifacts]
[2026-08-08 17:37:31,719: INFO: common: created directory at: artifacts/data_ingestion]
[2026-08-08 17:37:31,723: INFO: 1121048814: Downloading file from: https://drive.google.com/file/d/1vlhZ5c7abUKF8xXERIw6m9Te8fW7ohw3/view?usp=sharing into: artifacts/data_ingestion/data.zip]
[2026-08-08 17:38:37,920: INFO: 1121048814: Downloaded file from: https://drive.google.com/file/d/1vlhZ5c7abUKF8xXERIw6m9Te8fW7ohw3/view?usp=sharing into: artifacts/data_ingestion/data.zip]
[2026-08-08 17:47:53,953: INFO: main: >>>>> stage Data Ingestion Stage started <<<<<]
[2026-08-08 17:47:53,956: INFO: common: yaml file: config\config.yaml loaded successfully]
[2026-08-08 17:47:53,959: INFO: common: yaml file: params.yaml loaded successfully]
[2026-08-08 17:47:53,961: INFO: common: created directory at: artifacts]
[2026-08-08 17:47:53,963: INFO: common: created directory at: artifacts/data_ingestion]
[2026-08-08 17:47:53,965: INFO: data_ingestion: Downloading file from: https://drive.google.com/file/d/1vlhZ5c7abUKF8xXERIw6m9Te8fW7ohw3/view?usp=sharing into: artifacts/data_ingestion/data.zip]
[2026-08-08 17:49:35,682: INFO: data_ingestion: Downloaded file from: https://drive.google.com/file/d/1vlhZ5c7abUKF8xXERIw6m9Te8fW7ohw3/view?usp=sharing into: artifacts/data_ingestion/data.zip]
[2026-08-08 17:49:38,020: INFO: main: >>>>> stage Data Ingestion Stage completed <<<<<

x==========x]
[2026-08-08 18:15:03,845: INFO: common: yaml file: config\config.yaml loaded successfully]
[2026-08-08 18:15:03,858: INFO: common: yaml file: params.yaml loaded successfully]
[2026-08-08 18:15:03,869: INFO: common: created directory at: artifacts]
[2026-08-08 18:15:03,876: INFO: common: created directory at: artifacts/prepare_base_model]
[2026-08-08 18:15:06,569: WARNING: saving_utils: Compiled the loaded model, but the compiled metrics have yet to be built. `model.compile_metrics` will be empty until you train or evaluate the model.]
[2026-08-08 18:17:19,596: INFO: common: yaml file: config\config.yaml loaded successfully]
[2026-08-08 18:17:19,606: INFO: common: yaml file: params.yaml loaded successfully]
[2026-08-08 18:17:19,612: INFO: common: created directory at: artifacts]
[2026-08-08 18:17:19,619: INFO: common: created directory at: artifacts/prepare_base_model]
[2026-08-08 18:17:20,522: WARNING: saving_utils: Compiled the loaded model, but the compiled metrics have yet to be built. `model.compile_metrics` will be empty until you train or evaluate the model.]
[2026-08-08 18:28:20,339: INFO: main: >>>>> stage Data Ingestion Stage started <<<<<]
[2026-08-08 18:28:20,344: INFO: common: yaml file: config\config.yaml loaded successfully]
[2026-08-08 18:28:20,348: INFO: common: yaml file: params.yaml loaded successfully]
[2026-08-08 18:28:20,350: INFO: common: created directory at: artifacts]
[2026-08-08 18:28:20,352: ERROR: main: 'ConfigurationManager' object has no attribute 'get_data_ingestion_config']
Traceback (most recent call last):
  File "D:\Kidney-Disease-Classification-MLflow-DVC\main.py", line 9, in <module>
    obj.main()
  File "D:\Kidney-Disease-Classification-MLflow-DVC\src\cnnClassifier\pipeline\stage_01_data_ingestion.py", line 13, in main
    data_ingestion_config = config.get_data_ingestion_config()
AttributeError: 'ConfigurationManager' object has no attribute 'get_data_ingestion_config'
[2026-08-08 18:29:19,688: INFO: main: >>>>> stage Data Ingestion Stage started <<<<<]
[2026-08-08 18:29:19,693: INFO: common: yaml file: config\config.yaml loaded successfully]
[2026-08-08 18:29:19,697: INFO: common: yaml file: params.yaml loaded successfully]
[2026-08-08 18:29:19,698: INFO: common: created directory at: artifacts]
[2026-08-08 18:29:19,699: ERROR: main: 'ConfigurationManager' object has no attribute 'get_data_ingestion_config']
Traceback (most recent call last):
  File "D:\Kidney-Disease-Classification-MLflow-DVC\main.py", line 9, in <module>
    obj.main()
  File "D:\Kidney-Disease-Classification-MLflow-DVC\src\cnnClassifier\pipeline\stage_01_data_ingestion.py", line 13, in main
    data_ingestion_config = config.get_data_ingestion_config()
AttributeError: 'ConfigurationManager' object has no attribute 'get_data_ingestion_config'
[2026-08-08 18:31:55,241: INFO: main: >>>>> stage Data Ingestion Stage started <<<<<]
[2026-08-08 18:31:55,245: INFO: common: yaml file: config\config.yaml loaded successfully]
[2026-08-08 18:31:55,250: INFO: common: yaml file: params.yaml loaded successfully]
[2026-08-08 18:31:55,253: INFO: common: created directory at: artifacts]
[2026-08-08 18:31:55,255: INFO: common: created directory at: artifacts/data_ingestion]
[2026-08-08 18:31:55,267: INFO: data_ingestion: Downloading file from: https://drive.google.com/file/d/1vlhZ5c7abUKF8xXERIw6m9Te8fW7ohw3/view?usp=sharing into: artifacts/data_ingestion/data.zip]
[2026-08-08 18:32:58,906: INFO: data_ingestion: Downloaded file from: https://drive.google.com/file/d/1vlhZ5c7abUKF8xXERIw6m9Te8fW7ohw3/view?usp=sharing into: artifacts/data_ingestion/data.zip]
[2026-08-08 18:33:01,169: INFO: main: >>>>> stage Data Ingestion Stage completed <<<<<

x==========x]
[2026-08-08 18:33:01,169: INFO: main: >>>>> stage Prepare Base Model started <<<<<]
[2026-08-08 18:33:01,173: INFO: common: yaml file: config\config.yaml loaded successfully]
[2026-08-08 18:33:01,178: INFO: common: yaml file: params.yaml loaded successfully]
[2026-08-08 18:33:01,179: INFO: common: created directory at: artifacts]
[2026-08-08 18:33:01,180: ERROR: main: 'PrepareBaseModelTrainingPipeline' object has no attribute 'prepare_base_model_config']
Traceback (most recent call last):
  File "D:\Kidney-Disease-Classification-MLflow-DVC\main.py", line 21, in <module>
    prepare_base_model_pipeline.main()
  File "D:\Kidney-Disease-Classification-MLflow-DVC\src\cnnClassifier\pipeline\stage_02_prepare_base_model.py", line 14, in main
    prepare_base_model = PrepareBaseModel(config=self.prepare_base_model_config)
AttributeError: 'PrepareBaseModelTrainingPipeline' object has no attribute 'prepare_base_model_config'
[2026-08-08 18:36:12,825: INFO: main: >>>>> stage Data Ingestion Stage started <<<<<]
[2026-08-08 18:36:12,831: INFO: common: yaml file: config\config.yaml loaded successfully]
[2026-08-08 18:36:12,837: INFO: common: yaml file: params.yaml loaded successfully]
[2026-08-08 18:36:12,840: INFO: common: created directory at: artifacts]
[2026-08-08 18:36:12,842: INFO: common: created directory at: artifacts/data_ingestion]
[2026-08-08 18:36:12,846: INFO: data_ingestion: Downloading file from: https://drive.google.com/file/d/1vlhZ5c7abUKF8xXERIw6m9Te8fW7ohw3/view?usp=sharing into: artifacts/data_ingestion/data.zip]
[2026-08-08 18:37:45,473: INFO: data_ingestion: Downloaded file from: https://drive.google.com/file/d/1vlhZ5c7abUKF8xXERIw6m9Te8fW7ohw3/view?usp=sharing into: artifacts/data_ingestion/data.zip]
[2026-08-08 18:37:47,483: INFO: main: >>>>> stage Data Ingestion Stage completed <<<<<

x==========x]
[2026-08-08 18:37:47,483: INFO: main: >>>>> stage Prepare Base Model started <<<<<]
[2026-08-08 18:37:47,489: INFO: common: yaml file: config\config.yaml loaded successfully]
[2026-08-08 18:37:47,494: INFO: common: yaml file: params.yaml loaded successfully]
[2026-08-08 18:37:47,497: INFO: common: created directory at: artifacts]
[2026-08-08 18:37:47,499: INFO: common: created directory at: artifacts/prepare_base_model]
[2026-08-08 18:37:48,376: WARNING: saving_utils: Compiled the loaded model, but the compiled metrics have yet to be built. `model.compile_metrics` will be empty until you train or evaluate the model.]
[2026-08-08 18:37:48,861: INFO: main: >>>>> stage Prepare Base Model completed <<<<<

x==========x]
